Testing LangChain with gemini-2.5-flash...
python : Traceback (most recent call last):
At line:1 char:1
+ python backend\test_langchain_final.py 2>&1 | Out-File 
-FilePath back ...
+ ~~~~~~~~~~~~~~~~~~~~~~~~~~~~~~~~~~~~~~~~~~~
    + CategoryInfo          : NotSpecified: (Traceback (most rec 
   ent call last)::String) [], RemoteException
    + FullyQualifiedErrorId : NativeCommandError
 
  File "C:\Users\seema\Personal 
Projects\hackID\backend\test_langchain_final.py", line 11, in 
<module>
    llm = ChatGoogleGenerativeAI(
        model="gemini-2.5-flash",
        api_key=api_key
    )
  File "C:\Users\seema\AppData\Roaming\Python\Python313\site-pack
ages\langchain_google_genai\chat_models.py", line 2269, in 
__init__
    super().__init__(**kwargs)
    ~~~~~~~~~~~~~~~~^^^^^^^^^^
  File "C:\Users\seema\AppData\Roaming\Python\Python313\site-pack
ages\langchain_core\load\serializable.py", line 118, in __init__
    super().__init__(*args, **kwargs)
    ~~~~~~~~~~~~~~~~^^^^^^^^^^^^^^^^^
  File "C:\Users\seema\AppData\Roaming\Python\Python313\site-pack
ages\pydantic\main.py", line 214, in __init__
    validated_self = 
self.__pydantic_validator__.validate_python(data, 
self_instance=self)
pydantic_core._pydantic_core.ValidationError: 1 validation error 
for ChatGoogleGenerativeAI
  Value error, API key required for Gemini Developer API. 
Provide api_key parameter or set GOOGLE_API_KEY/GEMINI_API_KEY 
environment variable. [type=value_error, input_value={'model': 
'gemini-2.5-fla...one, 'model_kwargs': {}}, input_type=dict]
    For further information visit 
https://errors.pydantic.dev/2.10/v/value_error

During handling of the above exception, another exception 
occurred:

Traceback (most recent call last):
  File "C:\Users\seema\Personal 
Projects\hackID\backend\test_langchain_final.py", line 20, in 
<module>
    print(f"\u274c gemini-2.5-flash failed with LangChain: {e}")
    ~~~~~^^^^^^^^^^^^^^^^^^^^^^^^^^^^^^^^^^^^^^^^^^^^^^^^^^^
  File "C:\Python313\Lib\encodings\cp1252.py", line 19, in encode
    return 
codecs.charmap_encode(input,self.errors,encoding_table)[0]
           
~~~~~~~~~~~~~~~~~~~~~^^^^^^^^^^^^^^^^^^^^^^^^^^^^^^^^^^
UnicodeEncodeError: 'charmap' codec can't encode character 
'\u274c' in position 0: character maps to <undefined>
